// Jest Snapshot v1, https://goo.gl/fbAQLP

exports[` 1`] = `
<View
  testID="login-page"
>
  <View
    onLayout={[Function]}
    style={
      Array [
        Object {
          "flex": 1,
        },
        Object {
          "paddingBottom": 0,
        },
      ]
    }
  >
    <RCTSafeAreaView
      emulateUnlessSupported={true}
      style={
        Object {
          "flex": 1,
          "height": 600,
          "justifyContent": "center",
          "marginHorizontal": 16,
          "paddingHorizontal": 10,
        }
      }
    >
      <View
        style={
          Object {
            "alignItems": "center",
            "flex": 1,
            "marginTop": 12,
          }
        }
      >
        <SvgMock
          height={38}
          style={
            Object {
              "alignItems": "center",
              "flex": 1,
              "marginTop": 12,
            }
          }
          testID="logo-image"
          width={204}
        />
      </View>
      <View
        style={
          Object {
            "flex": 1,
          }
        }
      >
        <View
          style={
            Object {
              "alignItems": "center",
              "backgroundColor": "#F3F1F3",
              "borderRadius": 6,
              "elevation": 5,
              "flexDirection": "row",
              "height": 40,
              "marginTop": 20,
              "paddingHorizontal": 20,
              "shadowColor": "#000",
              "shadowOffset": Object {
                "height": 2,
                "width": 0,
              },
              "shadowOpacity": 0.25,
              "shadowRadius": 3.84,
            }
          }
        >
          <SvgMock
            height={22}
            width={22}
          />
          <TextInput
            autoCorrect={false}
            icon={
              <SvgMock
                height={22}
                width={22}
              />
            }
            onChangeText={[Function]}
            onSubmitEditing={[Function]}
            placeholder="Email"
            placeholderTextColor="#828282"
            style={
              Object {
                "color": "#000",
                "marginLeft": 5,
              }
            }
            testID="email-input"
            value=""
          />
        </View>
        <View
          style={
            Object {
              "alignItems": "center",
              "backgroundColor": "#F3F1F3",
              "borderRadius": 6,
              "elevation": 5,
              "flexDirection": "row",
              "height": 40,
              "marginTop": 20,
              "paddingHorizontal": 20,
              "shadowColor": "#000",
              "shadowOffset": Object {
                "height": 2,
                "width": 0,
              },
              "shadowOpacity": 0.25,
              "shadowRadius": 3.84,
            }
          }
        >
          <SvgMock
            height={22}
            width={22}
          />
          <TextInput
            autoCorrect={false}
            icon={
              <SvgMock
                height={22}
                width={22}
              />
            }
            onChangeText={[Function]}
            onSubmitEditing={[Function]}
            placeholder="Password"
            placeholderTextColor="#828282"
            secureTextEntry={true}
            style={
              Object {
                "color": "#000",
                "marginLeft": 5,
              }
            }
            testID="password-input"
            value=""
          />
        </View>
        <View
          style={
            Object {
              "alignItems": "center",
              "marginTop": 30,
            }
          }
        >
          <View
            accessible={true}
            collapsable={false}
            focusable={true}
            onClick={[Function]}
            onResponderGrant={[Function]}
            onResponderMove={[Function]}
            onResponderRelease={[Function]}
            onResponderTerminate={[Function]}
            onResponderTerminationRequest={[Function]}
            onStartShouldSetResponder={[Function]}
            style={
              Object {
                "alignItems": "center",
                "backgroundColor": "#2F80ED",
                "borderRadius": 8,
                "height": 48,
                "justifyContent": "center",
                "opacity": 1,
                "paddingHorizontal": 20,
                "paddingVertical": 5,
                "width": "100%",
              }
            }
            testID="login-button"
          >
            <Text
              style={
                Object {
                  "color": "white",
                  "fontSize": 16,
                }
              }
            >
              Log In
            </Text>
          </View>
        </View>
        <View
          style={
            Object {
              "alignItems": "center",
              "marginTop": 30,
            }
          }
        >
          <View
            accessible={true}
            collapsable={false}
            focusable={true}
            onClick={[Function]}
            onResponderGrant={[Function]}
            onResponderMove={[Function]}
            onResponderRelease={[Function]}
            onResponderTerminate={[Function]}
            onResponderTerminationRequest={[Function]}
            onStartShouldSetResponder={[Function]}
            style={
              Object {
                "opacity": 1,
              }
            }
            testID="navigate-to-register"
          >
            <Text
              style={
                Object {
                  "color": "#2F80ED",
                  "fontSize": 16,
                  "textDecorationLine": "underline",
                }
              }
            >
              Create an account
            </Text>
          </View>
        </View>
      </View>
    </RCTSafeAreaView>
  </View>
</View>
`;
