// Jest Snapshot v1, https://goo.gl/fbAQLP

exports[` 1`] = `
<RCTSafeAreaView
  emulateUnlessSupported={true}
  style={
    Object {
      "backgroundColor": "#111111",
      "flex": 1,
    }
  }
  testID="login-page"
>
  <View
    style={
      Object {
        "backgroundColor": "#111111",
        "flex": 1,
        "marginHorizontal": 16,
        "marginTop": 49,
      }
    }
  >
    <View
      style={
        Object {
          "marginBottom": 16,
        }
      }
    >
      <View
        style={
          Array [
            Object {
              "backgroundColor": "#F3F4FB",
              "borderRadius": 6,
              "flexDirection": "row",
              "height": 44,
              "paddingHorizontal": 15,
            },
            Object {
              "alignItems": "center",
              "borderColor": "#F3F4FB",
            },
          ]
        }
      >
        <TextInput
          autoCorrect={false}
          onBlur={[Function]}
          onChangeText={[Function]}
          onFocus={[Function]}
          onSubmitEditing={[Function]}
          placeholder="Name"
          placeholderTextColor="#828282"
          style={
            Object {
              "color": "#111111",
              "flex": 1,
            }
          }
          testID="name-register-input"
          value=""
        />
      </View>
    </View>
    <View
      style={
        Object {
          "marginBottom": 16,
        }
      }
    >
      <View
        style={
          Array [
            Object {
              "backgroundColor": "#F3F4FB",
              "borderRadius": 6,
              "flexDirection": "row",
              "height": 44,
              "paddingHorizontal": 15,
            },
            Object {
              "alignItems": "center",
              "borderColor": "#F3F4FB",
            },
          ]
        }
      >
        <TextInput
          autoCorrect={false}
          onBlur={[Function]}
          onChangeText={[Function]}
          onFocus={[Function]}
          onSubmitEditing={[Function]}
          placeholder="Email"
          placeholderTextColor="#828282"
          style={
            Object {
              "color": "#111111",
              "flex": 1,
            }
          }
          testID="email-register-input"
          value=""
        />
      </View>
    </View>
    <View
      style={
        Object {
          "marginBottom": 16,
        }
      }
    >
      <View
        style={
          Array [
            Object {
              "backgroundColor": "#F3F4FB",
              "borderRadius": 6,
              "flexDirection": "row",
              "height": 44,
              "paddingHorizontal": 15,
            },
            Object {
              "alignItems": "center",
              "borderColor": "#F3F4FB",
            },
          ]
        }
      >
        <TextInput
          autoCorrect={false}
          onBlur={[Function]}
          onChangeText={[Function]}
          onFocus={[Function]}
          onSubmitEditing={[Function]}
          placeholder="Password"
          placeholderTextColor="#828282"
          secureTextEntry={true}
          style={
            Object {
              "color": "#111111",
              "flex": 1,
            }
          }
          testID="password-register-input"
          value=""
        />
      </View>
    </View>
    <View
      style={
        Object {
          "marginBottom": 16,
        }
      }
    >
      <View
        style={
          Array [
            Object {
              "backgroundColor": "#F3F4FB",
              "borderRadius": 6,
              "flexDirection": "row",
              "height": 44,
              "paddingHorizontal": 15,
            },
            Object {
              "alignItems": "center",
              "borderColor": "#F3F4FB",
            },
          ]
        }
      >
        <TextInput
          autoCorrect={false}
          onBlur={[Function]}
          onChangeText={[Function]}
          onFocus={[Function]}
          onSubmitEditing={[Function]}
          placeholder="Confirm Password"
          placeholderTextColor="#828282"
          secureTextEntry={true}
          style={
            Object {
              "color": "#111111",
              "flex": 1,
            }
          }
          testID="password_confirmation-register-input"
          value=""
        />
      </View>
    </View>
    <View
      accessibilityState={
        Object {
          "disabled": false,
        }
      }
      accessible={true}
      collapsable={false}
      focusable={true}
      onClick={[Function]}
      onResponderGrant={[Function]}
      onResponderMove={[Function]}
      onResponderRelease={[Function]}
      onResponderTerminate={[Function]}
      onResponderTerminationRequest={[Function]}
      onStartShouldSetResponder={[Function]}
      style={
        Object {
          "alignContent": "center",
          "backgroundColor": "#2F80ED",
          "borderRadius": 6,
          "height": 48,
          "justifyContent": "center",
          "marginVertical": 16,
          "opacity": 1,
        }
      }
      testID="register-submit-button"
    >
      <Text
        style={
          Object {
            "color": "#fff",
            "fontSize": 16,
            "fontWeight": "600",
            "textAlign": "center",
          }
        }
      >
        Create account
      </Text>
    </View>
  </View>
</RCTSafeAreaView>
`;
